=== deterministic pass A 19:01:18
log [Gates] eval: object material mu=1 combine=Maximum
log [Gates] eval: model results/012/Prosthetic.onnx seeds 6001-6100 mu=1 perturb=1 K=50 head=deterministic passIndex=0 deterministicInference=True
log [Gates] done: results/012/checks/determinism/repro_deterministic_A.csv
== csv rows: 102 rc=0 ==
rows: 100
=== deterministic pass B 19:02:23
log [Gates] eval: object material mu=1 combine=Maximum
log [Gates] eval: model results/012/Prosthetic.onnx seeds 6001-6100 mu=1 perturb=1 K=50 head=deterministic passIndex=0 deterministicInference=True
log [Gates] done: results/012/checks/determinism/repro_deterministic_B.csv
== csv rows: 102 rc=0 ==
rows: 100
=== sampled pass A 19:03:22
log [Gates] eval: object material mu=1 combine=Maximum
log [Gates] eval: model results/012/Prosthetic.onnx seeds 6001-6100 mu=1 perturb=1 K=50 head=sampled passIndex=0 deterministicInference=False
log [Gates] done: results/012/checks/determinism/repro_sampled_A.csv
== csv rows: 102 rc=0 ==
rows: 100
=== sampled pass B 19:04:27
log [Gates] eval: object material mu=1 combine=Maximum
log [Gates] eval: model results/012/Prosthetic.onnx seeds 6001-6100 mu=1 perturb=1 K=50 head=sampled passIndex=0 deterministicInference=False
log [Gates] done: results/012/checks/determinism/repro_sampled_B.csv
== csv rows: 102 rc=0 ==
rows: 100
